[2026-05-30 12:52:57] ENCRYPT | Scheme: aes | Size: 6 chars
[2026-05-30 12:55:28] ENCRYPT | Scheme: des | Size: 7 chars
[2026-05-30 13:39:31] ENCRYPT | Scheme: HEX | Payload Size: 6 Chars
[2026-05-30 13:39:49] ENCRYPT | Scheme: CAESAR | Payload Size: 8 Chars
[2026-05-30 13:40:04] DECRYPT | Scheme: CAESAR | Payload Size: 6 Chars
[2026-05-30 13:41:52] ENCRYPT | Scheme: SHA1 | Payload Size: 6 Chars
[2026-05-30 13:42:22] DECRYPT | Scheme: REVERSE | Payload Size: 40 Chars
[2026-05-30 13:44:19] ENCRYPT | Scheme: BASE64 | Payload Size: 6 Chars
[2026-05-30 13:44:46] DECRYPT | Scheme: CAESAR | Payload Size: 8 Chars
[2026-05-30 13:48:13] DECRYPT | Scheme: FERNET | Payload Size: 6 Chars
[2026-05-30 13:48:42] ENCRYPT | Scheme: MD5 | Payload Size: 6 Chars
[2026-05-30 13:49:18] ENCRYPT | Scheme: MD5 | Payload Size: 32 Chars
[2026-05-30 13:53:25] ENCRYPT | Scheme: MD5 | Payload Size: 32 Chars
[2026-05-30 13:53:38] ENCRYPT | Scheme: MD5 | Payload Size: 6 Chars
[2026-05-30 13:54:46] DECRYPT | Scheme: AES | Payload Size: 32 Chars
[2026-05-30 13:58:19] ENCRYPT | Scheme: MD5 | Payload Size: 11 Chars
[2026-05-30 14:01:23] ENCRYPT | Scheme: MD5 | Payload Size: 7 Chars
[2026-05-30 14:01:45] DECRYPT_EXEC | Scheme: MD5 | Payload Size: 32 Chars
[2026-05-30 14:03:12] DECRYPT_EXEC | Scheme: AES | Payload Size: 32 Chars
[2026-05-30 14:03:19] DECRYPT_EXEC | Scheme: MD5 | Payload Size: 32 Chars
[2026-05-30 14:08:48] ENCRYPT | Scheme: MD5 | Payload Size: 6 Chars
[2026-05-30 14:09:06] DECRYPT_DIFF_TIME | Scheme: MD5 | Payload Size: 32 Chars
[2026-05-30 14:09:16] DECRYPT_DIFF_TIME | Scheme: REVERSE | Payload Size: 32 Chars
[2026-05-30 14:09:25] DECRYPT_DIFF_TIME | Scheme: BLOWFISH | Payload Size: 32 Chars
[2026-05-30 14:09:35] DECRYPT_DIFF_TIME | Scheme: BASE64 | Payload Size: 32 Chars
[2026-05-30 14:09:45] DECRYPT_DIFF_TIME | Scheme: SHA1 | Payload Size: 32 Chars
[2026-05-30 14:09:53] DECRYPT_DIFF_TIME | Scheme: FERNET | Payload Size: 32 Chars
[2026-05-30 14:15:53] ENCRYPT | Scheme: URL | Payload Size: 7 Chars
[2026-05-30 14:16:09] ENCRYPT | Scheme: BLOWFISH | Payload Size: 7 Chars
[2026-05-30 14:16:22] DECRYPT_DIFF_TIME | Scheme: ALL | Payload Size: 12 Chars
[2026-05-30 14:16:56] DECRYPT_DIFF_TIME | Scheme: REVERSE | Payload Size: 12 Chars
[2026-05-30 14:17:02] DECRYPT_DIFF_TIME | Scheme: DES | Payload Size: 12 Chars
[2026-05-30 14:20:26] DECRYPT_DIFF_TIME | Scheme: ALL | Payload Size: 1545 Chars
[2026-05-30 15:05:45] DECRYPT_DIFF_TIME | Scheme: ALL | Payload Size: 1545 Chars
[2026-05-30 15:09:42] ENCRYPT | Scheme: SHA512 | Payload Size: 14 Chars
[2026-05-30 15:10:05] DECRYPT_DIFF_TIME | Scheme: SHA512 | Payload Size: 128 Chars
[2026-05-30 15:10:12] DECRYPT_DIFF_TIME | Scheme: 3DES | Payload Size: 128 Chars
[2026-05-30 15:10:17] DECRYPT_DIFF_TIME | Scheme: BASE32 | Payload Size: 128 Chars
[2026-05-30 15:10:28] DECRYPT_DIFF_TIME | Scheme: MD5 | Payload Size: 128 Chars
[2026-05-30 15:10:33] DECRYPT_DIFF_TIME | Scheme: ALL | Payload Size: 128 Chars
[2026-05-30 15:10:38] DECRYPT_DIFF_TIME | Scheme: ALL | Payload Size: 128 Chars
[2026-05-30 15:10:51] DECRYPT_DIFF_TIME | Scheme: CAESAR | Payload Size: 128 Chars
[2026-05-30 15:10:57] DECRYPT_DIFF_TIME | Scheme: CAESAR | Payload Size: 128 Chars
[2026-05-30 15:11:01] DECRYPT_DIFF_TIME | Scheme: HEX | Payload Size: 128 Chars
[2026-05-30 15:11:18] DECRYPT_DIFF_TIME | Scheme: BLOWFISH | Payload Size: 128 Chars
[2026-05-30 15:11:23] DECRYPT_DIFF_TIME | Scheme: BASE32 | Payload Size: 128 Chars
[2026-05-30 15:11:28] DECRYPT_DIFF_TIME | Scheme: MD5 | Payload Size: 128 Chars
[2026-05-30 15:11:32] DECRYPT_DIFF_TIME | Scheme: HEX | Payload Size: 128 Chars
[2026-05-30 19:13:14] ENCRYPT | Scheme: URL | Payload Size: 11 Chars
[2026-05-30 19:13:25] ENCRYPT | Scheme: HEX | Payload Size: 1 Chars
[2026-05-30 19:13:42] DECRYPT_DIFF_TIME | Scheme: HEX | Payload Size: 2 Chars
[2026-05-30 19:14:07] ENCRYPT | Scheme: FERNET | Payload Size: 4 Chars
[2026-05-30 19:14:23] DECRYPT_DIFF_TIME | Scheme: FERNET | Payload Size: 100 Chars
[2026-05-30 19:14:45] DECRYPT_DIFF_TIME | Scheme: REVERSE | Payload Size: 100 Chars
[2026-05-30 19:14:54] DECRYPT_DIFF_TIME | Scheme: AES | Payload Size: 100 Chars
[2026-05-30 19:14:59] DECRYPT_DIFF_TIME | Scheme: HEX | Payload Size: 100 Chars
[2026-05-30 19:15:04] DECRYPT_DIFF_TIME | Scheme: ALL | Payload Size: 100 Chars
[2026-05-30 19:26:54] ENCRYPT | Scheme: BLOWFISH | Payload Size: 6 Chars
[2026-05-30 19:27:54] DECRYPT_DIFF_TIME | Scheme: BLOWFISH | Payload Size: 12 Chars
[2026-05-30 19:34:32] ENCRYPT | Scheme: SHA512 | Payload Size: 6 Chars
[2026-05-30 19:35:30] DECRYPT_DIFF_TIME | Scheme: SHA512 | Payload Size: 128 Chars
[2026-05-30 19:37:33] ENCRYPT | Scheme: BASE64 | Payload Size: 3 Chars
[2026-05-30 19:38:07] DECRYPT_DIFF_TIME | Scheme: ALL | Payload Size: 4 Chars
[2026-05-30 19:43:52] DECRYPT_DIFF_TIME | Scheme: ALL | Payload Size: 4 Chars
[2026-05-30 19:44:29] ENCRYPT | Scheme: BASE64 | Payload Size: 7 Chars
[2026-05-30 19:45:33] ENCRYPT | Scheme: BASE64 | Payload Size: 7 Chars
[2026-05-30 19:45:41] ENCRYPT | Scheme: CAESAR | Payload Size: 4 Chars
[2026-05-30 19:46:48] ENCRYPT | Scheme: CAESAR | Payload Size: 4 Chars
[2026-05-30 19:46:54] ENCRYPT | Scheme: CAESAR | Payload Size: 1 Chars
[2026-05-30 19:51:49] ENCRYPT | Scheme: CAESAR | Payload Size: 1 Chars
[2026-05-30 19:52:20] DECRYPT_DIFF_TIME | Scheme: ALL | Payload Size: 4 Chars
[2026-05-31 17:17:18] ENCRYPT | Scheme: CAESAR | Payload Size: 4 Chars
[2026-05-31 17:40:35] ENCRYPT | Scheme: SHA512 | Payload Size: 4 Chars
[2026-05-31 17:43:28] ENCRYPT | Scheme: BASE64 | Payload Size: 9 Chars
[2026-05-31 17:50:13] ENCRYPT | Scheme: MD5 | Payload Size: 10 Chars
[2026-05-31 17:53:30] ENCRYPT | Scheme: HEX | Payload Size: 11 Chars
[2026-05-31 18:18:05] ENCRYPT | Scheme: SHA512 | Payload Size: 16 Chars
[2026-06-03 10:05:20] ENCRYPT | Scheme: REVERSE | Payload Size: 10 Chars
[2026-06-03 10:17:06] ENCRYPT | Scheme: HEX | Payload Size: 6 Chars
[2026-06-03 10:20:01] ENCRYPT | Scheme: BASE32 | Payload Size: 4 Chars
[2026-06-03 10:20:30] ENCRYPT | Scheme: BASE32 | Payload Size: 6 Chars
[2026-06-03 10:23:15] ENCRYPT | Scheme: MD5 | Payload Size: 6 Chars
[2026-06-03 10:26:31] ENCRYPT | Scheme: BLOWFISH | Payload Size: 10 Chars
[2026-06-03 10:28:15] ENCRYPT | Scheme: CAESAR | Payload Size: 27 Chars
[2026-06-03 11:04:08] ENCRYPT | Scheme: AES | Payload Size: 11 Chars
